// Jest Snapshot v1, https://goo.gl/fbAQLP

exports[`create context component  1`] = `
<div>
  <div>
    <input />
  </div>
</div>
`;
